------------------------------------------------------------
Timing Analyzer Summary
------------------------------------------------------------

Type  : Slow 1200mV 85C Model Setup 'CLOCK_50'
Slack : -4.201
TNS   : -68.153

Type  : Slow 1200mV 85C Model Setup 'ClkDividerN:clk_div_4hz|clkOut'
Slack : -1.989
TNS   : -49.292

Type  : Slow 1200mV 85C Model Hold 'ClkDividerN:clk_div_4hz|clkOut'
Slack : 0.386
TNS   : 0.000

Type  : Slow 1200mV 85C Model Hold 'CLOCK_50'
Slack : 0.654
TNS   : 0.000

Type  : Slow 1200mV 85C Model Minimum Pulse Width 'CLOCK_50'
Slack : -3.000
TNS   : -44.120

Type  : Slow 1200mV 85C Model Minimum Pulse Width 'ClkDividerN:clk_div_4hz|clkOut'
Slack : -1.285
TNS   : -39.835

Type  : Slow 1200mV 0C Model Setup 'CLOCK_50'
Slack : -3.795
TNS   : -58.392

Type  : Slow 1200mV 0C Model Setup 'ClkDividerN:clk_div_4hz|clkOut'
Slack : -1.802
TNS   : -43.447

Type  : Slow 1200mV 0C Model Hold 'ClkDividerN:clk_div_4hz|clkOut'
Slack : 0.337
TNS   : 0.000

Type  : Slow 1200mV 0C Model Hold 'CLOCK_50'
Slack : 0.599
TNS   : 0.000

Type  : Slow 1200mV 0C Model Minimum Pulse Width 'CLOCK_50'
Slack : -3.000
TNS   : -44.120

Type  : Slow 1200mV 0C Model Minimum Pulse Width 'ClkDividerN:clk_div_4hz|clkOut'
Slack : -1.285
TNS   : -39.835

Type  : Fast 1200mV 0C Model Setup 'CLOCK_50'
Slack : -1.572
TNS   : -17.877

Type  : Fast 1200mV 0C Model Setup 'ClkDividerN:clk_div_4hz|clkOut'
Slack : -0.511
TNS   : -9.741

Type  : Fast 1200mV 0C Model Hold 'ClkDividerN:clk_div_4hz|clkOut'
Slack : 0.173
TNS   : 0.000

Type  : Fast 1200mV 0C Model Hold 'CLOCK_50'
Slack : 0.299
TNS   : 0.000

Type  : Fast 1200mV 0C Model Minimum Pulse Width 'CLOCK_50'
Slack : -3.000
TNS   : -37.008

Type  : Fast 1200mV 0C Model Minimum Pulse Width 'ClkDividerN:clk_div_4hz|clkOut'
Slack : -1.000
TNS   : -31.000

------------------------------------------------------------
